---
source: workspaces/optic-engine/src/queries/shape.rs
expression: choice_mapping
---
{
    "nullable_shape_1": [
        Primitive(
            PrimitiveChoice {
                shape_id: "nullable_shape_1",
                json_type: Null,
            },
        ),
        Primitive(
            PrimitiveChoice {
                shape_id: "string_shape_1",
                json_type: String,
            },
        ),
    ],
    "object_shape_1": [
        Object(
            ObjectChoice {
                shape_id: "object_shape_1",
                json_type: Object,
                fields: [
                    ObjectFieldChoice {
                        name: "lastName",
                        field_id: "field_1",
                        shape_id: "string_shape_1",
                        is_removed: false,
                    },
                ],
            },
        ),
    ],
    "optional_shape_1": [
        Primitive(
            PrimitiveChoice {
                shape_id: "optional_shape_1",
                json_type: Undefined,
            },
        ),
        Primitive(
            PrimitiveChoice {
                shape_id: "nullable_shape_1",
                json_type: Null,
            },
        ),
        Primitive(
            PrimitiveChoice {
                shape_id: "string_shape_1",
                json_type: String,
            },
        ),
    ],
    "string_shape_1": [
        Primitive(
            PrimitiveChoice {
                shape_id: "string_shape_1",
                json_type: String,
            },
        ),
    ],
}
