---
source: workspaces/optic-engine/tests/bug-scenarios.rs
expression: "Dot::with_config(&spec_projection.shape().graph, &[])"
---
digraph {
    0 [ label = "CoreShape(\l    CoreShapeNode {\l        shape_id: \"$string\",\l        descriptor: CoreShapeNodeDescriptor {\l            kind: StringKind,\l        },\l    },\l)\l" ]
    1 [ label = "CoreShape(\l    CoreShapeNode {\l        shape_id: \"$number\",\l        descriptor: CoreShapeNodeDescriptor {\l            kind: NumberKind,\l        },\l    },\l)\l" ]
    2 [ label = "CoreShape(\l    CoreShapeNode {\l        shape_id: \"$boolean\",\l        descriptor: CoreShapeNodeDescriptor {\l            kind: BooleanKind,\l        },\l    },\l)\l" ]
    3 [ label = "CoreShape(\l    CoreShapeNode {\l        shape_id: \"$list\",\l        descriptor: CoreShapeNodeDescriptor {\l            kind: ListKind,\l        },\l    },\l)\l" ]
    4 [ label = "ShapeParameter(\l    ShapeParameterNode {\l        parameter_id: \"$listItem\",\l        descriptor: ShapeParameterNodeDescriptor,\l    },\l)\l" ]
    5 [ label = "CoreShape(\l    CoreShapeNode {\l        shape_id: \"$object\",\l        descriptor: CoreShapeNodeDescriptor {\l            kind: ObjectKind,\l        },\l    },\l)\l" ]
    6 [ label = "CoreShape(\l    CoreShapeNode {\l        shape_id: \"$nullable\",\l        descriptor: CoreShapeNodeDescriptor {\l            kind: NullableKind,\l        },\l    },\l)\l" ]
    7 [ label = "ShapeParameter(\l    ShapeParameterNode {\l        parameter_id: \"$nullableInner\",\l        descriptor: ShapeParameterNodeDescriptor,\l    },\l)\l" ]
    8 [ label = "CoreShape(\l    CoreShapeNode {\l        shape_id: \"$unknown\",\l        descriptor: CoreShapeNodeDescriptor {\l            kind: UnknownKind,\l        },\l    },\l)\l" ]
    9 [ label = "CoreShape(\l    CoreShapeNode {\l        shape_id: \"$optional\",\l        descriptor: CoreShapeNodeDescriptor {\l            kind: OptionalKind,\l        },\l    },\l)\l" ]
    10 [ label = "ShapeParameter(\l    ShapeParameterNode {\l        parameter_id: \"$optionalInner\",\l        descriptor: ShapeParameterNodeDescriptor,\l    },\l)\l" ]
    11 [ label = "CoreShape(\l    CoreShapeNode {\l        shape_id: \"$oneOf\",\l        descriptor: CoreShapeNodeDescriptor {\l            kind: OneOfKind,\l        },\l    },\l)\l" ]
    12 [ label = "BatchCommit(\l    BatchCommitNode {\l        batch_id: \"b6cc38d6-f82f-445a-85b2-6acf2adafe27\",\l        created_at: \"2020-01-20T20:51:53.435Z\",\l    },\l)\l" ]
    13 [ label = "BatchCommit(\l    BatchCommitNode {\l        batch_id: \"2cdd98d5-5974-41ba-ab0d-595ab168dc6d\",\l        created_at: \"2020-02-20T20:51:53.435Z\",\l    },\l)\l" ]
    14 [ label = "Shape(\l    ShapeNode {\l        shape_id: \"shape_BOmoR4kCeV\",\l    },\l)\l" ]
    15 [ label = "Shape(\l    ShapeNode {\l        shape_id: \"shape_f7gQgQ8p7G\",\l    },\l)\l" ]
    16 [ label = "Shape(\l    ShapeNode {\l        shape_id: \"shape_owJFnZQJeS\",\l    },\l)\l" ]
    17 [ label = "Field(\l    FieldNode {\l        field_id: \"field_5GCvc8KB2p\",\l        descriptor: FieldNodeDescriptor {\l            name: \"dueDate\",\l        },\l        is_removed: false,\l    },\l)\l" ]
    18 [ label = "Shape(\l    ShapeNode {\l        shape_id: \"shape_R4cTQ1zpOs\",\l    },\l)\l" ]
    19 [ label = "Field(\l    FieldNode {\l        field_id: \"field_9mczOWgNnu\",\l        descriptor: FieldNodeDescriptor {\l            name: \"id\",\l        },\l        is_removed: false,\l    },\l)\l" ]
    20 [ label = "Shape(\l    ShapeNode {\l        shape_id: \"shape_9cUoBYpjJU\",\l    },\l)\l" ]
    21 [ label = "Field(\l    FieldNode {\l        field_id: \"field_XM7KRqWOlV\",\l        descriptor: FieldNodeDescriptor {\l            name: \"isDone\",\l        },\l        is_removed: false,\l    },\l)\l" ]
    22 [ label = "Shape(\l    ShapeNode {\l        shape_id: \"shape_tUQxsgursF\",\l    },\l)\l" ]
    23 [ label = "Field(\l    FieldNode {\l        field_id: \"field_LRYtHDYkVO\",\l        descriptor: FieldNodeDescriptor {\l            name: \"task\",\l        },\l        is_removed: false,\l    },\l)\l" ]
    24 [ label = "Shape(\l    ShapeNode {\l        shape_id: \"shape_cEkQAVQ3ib\",\l    },\l)\l" ]
    25 [ label = "Shape(\l    ShapeNode {\l        shape_id: \"shape_Fr2jskGj0G\",\l    },\l)\l" ]
    26 [ label = "Shape(\l    ShapeNode {\l        shape_id: \"shape_FVWIcOgFGF\",\l    },\l)\l" ]
    27 [ label = "Field(\l    FieldNode {\l        field_id: \"field_cOmYY7RoTV\",\l        descriptor: FieldNodeDescriptor {\l            name: \"dueDate\",\l        },\l        is_removed: false,\l    },\l)\l" ]
    28 [ label = "Shape(\l    ShapeNode {\l        shape_id: \"shape_UmsvoMDzQ8\",\l    },\l)\l" ]
    29 [ label = "Field(\l    FieldNode {\l        field_id: \"field_yUzK0XALx0\",\l        descriptor: FieldNodeDescriptor {\l            name: \"id\",\l        },\l        is_removed: false,\l    },\l)\l" ]
    30 [ label = "Shape(\l    ShapeNode {\l        shape_id: \"shape_a1n10Wzc6O\",\l    },\l)\l" ]
    31 [ label = "Field(\l    FieldNode {\l        field_id: \"field_PPgOBSHq9D\",\l        descriptor: FieldNodeDescriptor {\l            name: \"isDone\",\l        },\l        is_removed: false,\l    },\l)\l" ]
    32 [ label = "Shape(\l    ShapeNode {\l        shape_id: \"shape_iT4Fjb9iYe\",\l    },\l)\l" ]
    33 [ label = "Field(\l    FieldNode {\l        field_id: \"field_NC2enngiGZ\",\l        descriptor: FieldNodeDescriptor {\l            name: \"task\",\l        },\l        is_removed: false,\l    },\l)\l" ]
    34 [ label = "Shape(\l    ShapeNode {\l        shape_id: \"shape_0xeeapZ7UZ\",\l    },\l)\l" ]
    35 [ label = "BatchCommit(\l    BatchCommitNode {\l        batch_id: \"55c5281d-a476-4acd-aa4c-b0d6be065253\",\l        created_at: \"2020-03-20T20:51:53.435Z\",\l    },\l)\l" ]
    36 [ label = "Shape(\l    ShapeNode {\l        shape_id: \"shape_TzyOIammI7\",\l    },\l)\l" ]
    37 [ label = "Shape(\l    ShapeNode {\l        shape_id: \"shape_ujTZ1HOLVR\",\l    },\l)\l" ]
    38 [ label = "Shape(\l    ShapeNode {\l        shape_id: \"shape_QU1rtECeM2\",\l    },\l)\l" ]
    39 [ label = "Shape(\l    ShapeNode {\l        shape_id: \"shape_PTjiKnpFzQ\",\l    },\l)\l" ]
    40 [ label = "Field(\l    FieldNode {\l        field_id: \"field_eHl286agXw\",\l        descriptor: FieldNodeDescriptor {\l            name: \"dueDate\",\l        },\l        is_removed: false,\l    },\l)\l" ]
    41 [ label = "Shape(\l    ShapeNode {\l        shape_id: \"shape_2mb389jTEL\",\l    },\l)\l" ]
    42 [ label = "Field(\l    FieldNode {\l        field_id: \"field_ZJ2aPfnDF7\",\l        descriptor: FieldNodeDescriptor {\l            name: \"id\",\l        },\l        is_removed: false,\l    },\l)\l" ]
    43 [ label = "Shape(\l    ShapeNode {\l        shape_id: \"shape_4yRQwm4WOv\",\l    },\l)\l" ]
    44 [ label = "Field(\l    FieldNode {\l        field_id: \"field_acS3yeUZo4\",\l        descriptor: FieldNodeDescriptor {\l            name: \"isDone\",\l        },\l        is_removed: false,\l    },\l)\l" ]
    45 [ label = "Shape(\l    ShapeNode {\l        shape_id: \"shape_9GDAmGAINi\",\l    },\l)\l" ]
    46 [ label = "Field(\l    FieldNode {\l        field_id: \"field_KqnBpTROYU\",\l        descriptor: FieldNodeDescriptor {\l            name: \"task\",\l        },\l        is_removed: false,\l    },\l)\l" ]
    47 [ label = "Shape(\l    ShapeNode {\l        shape_id: \"shape_Lx1MrhWlFb\",\l    },\l)\l" ]
    48 [ label = "Shape(\l    ShapeNode {\l        shape_id: \"shape_ohd8yFyzEg\",\l    },\l)\l" ]
    49 [ label = "Shape(\l    ShapeNode {\l        shape_id: \"shape_3Xt9wp5UxL\",\l    },\l)\l" ]
    50 [ label = "Field(\l    FieldNode {\l        field_id: \"field_TxVlnhtLaa\",\l        descriptor: FieldNodeDescriptor {\l            name: \"dueDate\",\l        },\l        is_removed: false,\l    },\l)\l" ]
    51 [ label = "Shape(\l    ShapeNode {\l        shape_id: \"shape_z89HIEeyN0\",\l    },\l)\l" ]
    52 [ label = "Field(\l    FieldNode {\l        field_id: \"field_I4kC8vgaOM\",\l        descriptor: FieldNodeDescriptor {\l            name: \"id\",\l        },\l        is_removed: false,\l    },\l)\l" ]
    53 [ label = "Shape(\l    ShapeNode {\l        shape_id: \"shape_eDApTnytqu\",\l    },\l)\l" ]
    54 [ label = "Field(\l    FieldNode {\l        field_id: \"field_WAgxB3TCIX\",\l        descriptor: FieldNodeDescriptor {\l            name: \"isDone\",\l        },\l        is_removed: false,\l    },\l)\l" ]
    55 [ label = "Shape(\l    ShapeNode {\l        shape_id: \"shape_CgzMTUdLrP\",\l    },\l)\l" ]
    56 [ label = "Field(\l    FieldNode {\l        field_id: \"field_7u9pabP6VJ\",\l        descriptor: FieldNodeDescriptor {\l            name: \"task\",\l        },\l        is_removed: false,\l    },\l)\l" ]
    57 [ label = "Shape(\l    ShapeNode {\l        shape_id: \"shape_ToF242uYVA\",\l    },\l)\l" ]
    58 [ label = "BatchCommit(\l    BatchCommitNode {\l        batch_id: \"2cc302d2-c660-4362-9601-dc14fe69542c\",\l        created_at: \"2020-11-20T20:52:31.789Z\",\l    },\l)\l" ]
    59 [ label = "Shape(\l    ShapeNode {\l        shape_id: \"shape_tNRgroSwLj\",\l    },\l)\l" ]
    60 [ label = "Shape(\l    ShapeNode {\l        shape_id: \"shape_qQT0krhOKn\",\l    },\l)\l" ]
    61 [ label = "Field(\l    FieldNode {\l        field_id: \"field_hnI7P1UdbB\",\l        descriptor: FieldNodeDescriptor {\l            name: \"author\",\l        },\l        is_removed: false,\l    },\l)\l" ]
    62 [ label = "BatchCommit(\l    BatchCommitNode {\l        batch_id: \"7f793216-3b2f-4976-9742-960c3aad71cc\",\l        created_at: \"2021-07-27T12:23:05.962-07:00\",\l    },\l)\l" ]
    63 [ label = "BatchCommit(\l    BatchCommitNode {\l        batch_id: \"60a877b9-f7da-4863-972e-c64891a7cf95\",\l        created_at: \"2021-07-27T12:23:15.579-07:00\",\l    },\l)\l" ]
    64 [ label = "Shape(\l    ShapeNode {\l        shape_id: \"shape_z_uQEN-r4n\",\l    },\l)\l" ]
    65 [ label = "Shape(\l    ShapeNode {\l        shape_id: \"shape_b1hqN_GWXF\",\l    },\l)\l" ]
    66 [ label = "Shape(\l    ShapeNode {\l        shape_id: \"shape_fiwMKAQmgm\",\l    },\l)\l" ]
    67 [ label = "Field(\l    FieldNode {\l        field_id: \"field_jNsIK1SYfw\",\l        descriptor: FieldNodeDescriptor {\l            name: \"author\",\l        },\l        is_removed: false,\l    },\l)\l" ]
    68 [ label = "Field(\l    FieldNode {\l        field_id: \"field_BU9UsylngU\",\l        descriptor: FieldNodeDescriptor {\l            name: \"status\",\l        },\l        is_removed: false,\l    },\l)\l" ]
    69 [ label = "Shape(\l    ShapeNode {\l        shape_id: \"shape_VnMcAHQv2f\",\l    },\l)\l" ]
    70 [ label = "Shape(\l    ShapeNode {\l        shape_id: \"shape_kKqIiv7BU5\",\l    },\l)\l" ]
    71 [ label = "Shape(\l    ShapeNode {\l        shape_id: \"shape_03f2VPXPIP\",\l    },\l)\l" ]
    72 [ label = "Shape(\l    ShapeNode {\l        shape_id: \"shape_srwJQBA2wD\",\l    },\l)\l" ]
    73 [ label = "Shape(\l    ShapeNode {\l        shape_id: \"shape_Nz89t8_Bqh\",\l    },\l)\l" ]
    74 [ label = "ShapeParameter(\l    ShapeParameterNode {\l        parameter_id: \"shape_param_WgyLWQJxMT\",\l        descriptor: ShapeParameterNodeDescriptor,\l    },\l)\l" ]
    75 [ label = "Shape(\l    ShapeNode {\l        shape_id: \"shape_vq7DwACJ-G\",\l    },\l)\l" ]
    76 [ label = "ShapeParameter(\l    ShapeParameterNode {\l        parameter_id: \"shape_param_I3KUe7Ps4Q\",\l        descriptor: ShapeParameterNodeDescriptor,\l    },\l)\l" ]
    77 [ label = "Shape(\l    ShapeNode {\l        shape_id: \"shape_zV_LZfBDon\",\l    },\l)\l" ]
    78 [ label = "Shape(\l    ShapeNode {\l        shape_id: \"shape_jT78CV3Z8l\",\l    },\l)\l" ]
    79 [ label = "Field(\l    FieldNode {\l        field_id: \"field_J3IkSstH69\",\l        descriptor: FieldNodeDescriptor {\l            name: \"dueDate\",\l        },\l        is_removed: false,\l    },\l)\l" ]
    80 [ label = "Field(\l    FieldNode {\l        field_id: \"field_EYEqLn3erB\",\l        descriptor: FieldNodeDescriptor {\l            name: \"id\",\l        },\l        is_removed: false,\l    },\l)\l" ]
    81 [ label = "Field(\l    FieldNode {\l        field_id: \"field_FT6KMnSdY9\",\l        descriptor: FieldNodeDescriptor {\l            name: \"isDone\",\l        },\l        is_removed: false,\l    },\l)\l" ]
    82 [ label = "Field(\l    FieldNode {\l        field_id: \"field_qZmxn9C1YG\",\l        descriptor: FieldNodeDescriptor {\l            name: \"task\",\l        },\l        is_removed: false,\l    },\l)\l" ]
    83 [ label = "Shape(\l    ShapeNode {\l        shape_id: \"shape_Ajc-5GBwES\",\l    },\l)\l" ]
    84 [ label = "Shape(\l    ShapeNode {\l        shape_id: \"shape_qTmH8A7RW0\",\l    },\l)\l" ]
    85 [ label = "Shape(\l    ShapeNode {\l        shape_id: \"shape_OK0xxezOwG\",\l    },\l)\l" ]
    86 [ label = "Shape(\l    ShapeNode {\l        shape_id: \"shape_45YXQPKuYV\",\l    },\l)\l" ]
    87 [ label = "Shape(\l    ShapeNode {\l        shape_id: \"shape_TbxEbeQ6ys\",\l    },\l)\l" ]
    88 [ label = "Shape(\l    ShapeNode {\l        shape_id: \"shape_O4HmzJySkT\",\l    },\l)\l" ]
    89 [ label = "Shape(\l    ShapeNode {\l        shape_id: \"shape_M-310HooC7\",\l    },\l)\l" ]
    90 [ label = "Field(\l    FieldNode {\l        field_id: \"field_3fJbiI8xcU\",\l        descriptor: FieldNodeDescriptor {\l            name: \"dueDate\",\l        },\l        is_removed: false,\l    },\l)\l" ]
    91 [ label = "Field(\l    FieldNode {\l        field_id: \"field_qsZCInuJR1\",\l        descriptor: FieldNodeDescriptor {\l            name: \"id\",\l        },\l        is_removed: false,\l    },\l)\l" ]
    92 [ label = "Field(\l    FieldNode {\l        field_id: \"field_KqTy0wCw9c\",\l        descriptor: FieldNodeDescriptor {\l            name: \"isDone\",\l        },\l        is_removed: false,\l    },\l)\l" ]
    93 [ label = "Field(\l    FieldNode {\l        field_id: \"field_iufkbvu2li\",\l        descriptor: FieldNodeDescriptor {\l            name: \"task\",\l        },\l        is_removed: false,\l    },\l)\l" ]
    94 [ label = "Shape(\l    ShapeNode {\l        shape_id: \"shape_MNdsKVEOiS\",\l    },\l)\l" ]
    95 [ label = "Shape(\l    ShapeNode {\l        shape_id: \"shape_A-iBA4agVk\",\l    },\l)\l" ]
    96 [ label = "Shape(\l    ShapeNode {\l        shape_id: \"shape_T6FF1malPb\",\l    },\l)\l" ]
    97 [ label = "Shape(\l    ShapeNode {\l        shape_id: \"shape_d4ig2YmIe-\",\l    },\l)\l" ]
    98 [ label = "Field(\l    FieldNode {\l        field_id: \"field_sf7SSTH_pt\",\l        descriptor: FieldNodeDescriptor {\l            name: \"code\",\l        },\l        is_removed: false,\l    },\l)\l" ]
    99 [ label = "Field(\l    FieldNode {\l        field_id: \"field_66-r2Z4ta-\",\l        descriptor: FieldNodeDescriptor {\l            name: \"error\",\l        },\l        is_removed: false,\l    },\l)\l" ]
    4 -> 3 [ label = "IsParameterOf\l" ]
    7 -> 6 [ label = "IsParameterOf\l" ]
    10 -> 9 [ label = "IsParameterOf\l" ]
    14 -> 5 [ label = "IsDescendantOf\l" ]
    14 -> 13 [ label = "CreatedIn\l" ]
    15 -> 5 [ label = "IsDescendantOf\l" ]
    15 -> 13 [ label = "CreatedIn\l" ]
    16 -> 0 [ label = "IsDescendantOf\l" ]
    16 -> 13 [ label = "CreatedIn\l" ]
    16 -> 17 [ label = "BelongsTo\l" ]
    17 -> 15 [ label = "IsFieldOf\l" ]
    17 -> 13 [ label = "CreatedIn\l" ]
    18 -> 0 [ label = "IsDescendantOf\l" ]
    18 -> 13 [ label = "CreatedIn\l" ]
    18 -> 19 [ label = "BelongsTo\l" ]
    19 -> 15 [ label = "IsFieldOf\l" ]
    19 -> 13 [ label = "CreatedIn\l" ]
    20 -> 2 [ label = "IsDescendantOf\l" ]
    20 -> 13 [ label = "CreatedIn\l" ]
    20 -> 21 [ label = "BelongsTo\l" ]
    21 -> 15 [ label = "IsFieldOf\l" ]
    21 -> 13 [ label = "CreatedIn\l" ]
    22 -> 0 [ label = "IsDescendantOf\l" ]
    22 -> 13 [ label = "CreatedIn\l" ]
    22 -> 23 [ label = "BelongsTo\l" ]
    23 -> 15 [ label = "IsFieldOf\l" ]
    23 -> 13 [ label = "CreatedIn\l" ]
    24 -> 3 [ label = "IsDescendantOf\l" ]
    24 -> 13 [ label = "CreatedIn\l" ]
    24 -> 4 [ label = "HasBinding(\l    ShapeParameterBinding {\l        shape_id: \"shape_f7gQgQ8p7G\",\l    },\l)\l" ]
    24 -> 13 [ label = "UpdatedIn\l" ]
    25 -> 5 [ label = "IsDescendantOf\l" ]
    25 -> 13 [ label = "CreatedIn\l" ]
    26 -> 0 [ label = "IsDescendantOf\l" ]
    26 -> 13 [ label = "CreatedIn\l" ]
    26 -> 27 [ label = "BelongsTo\l" ]
    27 -> 25 [ label = "IsFieldOf\l" ]
    27 -> 13 [ label = "CreatedIn\l" ]
    28 -> 0 [ label = "IsDescendantOf\l" ]
    28 -> 13 [ label = "CreatedIn\l" ]
    28 -> 29 [ label = "BelongsTo\l" ]
    29 -> 25 [ label = "IsFieldOf\l" ]
    29 -> 13 [ label = "CreatedIn\l" ]
    30 -> 2 [ label = "IsDescendantOf\l" ]
    30 -> 13 [ label = "CreatedIn\l" ]
    30 -> 31 [ label = "BelongsTo\l" ]
    31 -> 25 [ label = "IsFieldOf\l" ]
    31 -> 13 [ label = "CreatedIn\l" ]
    32 -> 0 [ label = "IsDescendantOf\l" ]
    32 -> 13 [ label = "CreatedIn\l" ]
    32 -> 33 [ label = "BelongsTo\l" ]
    33 -> 25 [ label = "IsFieldOf\l" ]
    33 -> 13 [ label = "CreatedIn\l" ]
    34 -> 3 [ label = "IsDescendantOf\l" ]
    34 -> 13 [ label = "CreatedIn\l" ]
    34 -> 4 [ label = "HasBinding(\l    ShapeParameterBinding {\l        shape_id: \"shape_Fr2jskGj0G\",\l    },\l)\l" ]
    34 -> 13 [ label = "UpdatedIn\l" ]
    36 -> 0 [ label = "IsDescendantOf\l" ]
    37 -> 5 [ label = "IsDescendantOf\l" ]
    37 -> 35 [ label = "CreatedIn\l" ]
    38 -> 5 [ label = "IsDescendantOf\l" ]
    38 -> 35 [ label = "CreatedIn\l" ]
    39 -> 0 [ label = "IsDescendantOf\l" ]
    39 -> 35 [ label = "CreatedIn\l" ]
    39 -> 40 [ label = "BelongsTo\l" ]
    40 -> 38 [ label = "IsFieldOf\l" ]
    40 -> 35 [ label = "CreatedIn\l" ]
    41 -> 0 [ label = "IsDescendantOf\l" ]
    41 -> 35 [ label = "CreatedIn\l" ]
    41 -> 42 [ label = "BelongsTo\l" ]
    42 -> 38 [ label = "IsFieldOf\l" ]
    42 -> 35 [ label = "CreatedIn\l" ]
    43 -> 2 [ label = "IsDescendantOf\l" ]
    43 -> 35 [ label = "CreatedIn\l" ]
    43 -> 44 [ label = "BelongsTo\l" ]
    44 -> 38 [ label = "IsFieldOf\l" ]
    44 -> 35 [ label = "CreatedIn\l" ]
    45 -> 0 [ label = "IsDescendantOf\l" ]
    45 -> 35 [ label = "CreatedIn\l" ]
    45 -> 46 [ label = "BelongsTo\l" ]
    46 -> 38 [ label = "IsFieldOf\l" ]
    46 -> 35 [ label = "CreatedIn\l" ]
    47 -> 3 [ label = "IsDescendantOf\l" ]
    47 -> 35 [ label = "CreatedIn\l" ]
    47 -> 4 [ label = "HasBinding(\l    ShapeParameterBinding {\l        shape_id: \"shape_QU1rtECeM2\",\l    },\l)\l" ]
    47 -> 35 [ label = "UpdatedIn\l" ]
    48 -> 5 [ label = "IsDescendantOf\l" ]
    48 -> 35 [ label = "CreatedIn\l" ]
    49 -> 0 [ label = "IsDescendantOf\l" ]
    49 -> 35 [ label = "CreatedIn\l" ]
    49 -> 50 [ label = "BelongsTo\l" ]
    50 -> 48 [ label = "IsFieldOf\l" ]
    50 -> 35 [ label = "CreatedIn\l" ]
    51 -> 0 [ label = "IsDescendantOf\l" ]
    51 -> 35 [ label = "CreatedIn\l" ]
    51 -> 52 [ label = "BelongsTo\l" ]
    52 -> 48 [ label = "IsFieldOf\l" ]
    52 -> 35 [ label = "CreatedIn\l" ]
    53 -> 2 [ label = "IsDescendantOf\l" ]
    53 -> 35 [ label = "CreatedIn\l" ]
    53 -> 54 [ label = "BelongsTo\l" ]
    54 -> 48 [ label = "IsFieldOf\l" ]
    54 -> 35 [ label = "CreatedIn\l" ]
    55 -> 0 [ label = "IsDescendantOf\l" ]
    55 -> 35 [ label = "CreatedIn\l" ]
    55 -> 56 [ label = "BelongsTo\l" ]
    56 -> 48 [ label = "IsFieldOf\l" ]
    56 -> 35 [ label = "CreatedIn\l" ]
    57 -> 3 [ label = "IsDescendantOf\l" ]
    57 -> 35 [ label = "CreatedIn\l" ]
    57 -> 4 [ label = "HasBinding(\l    ShapeParameterBinding {\l        shape_id: \"shape_ohd8yFyzEg\",\l    },\l)\l" ]
    57 -> 35 [ label = "UpdatedIn\l" ]
    59 -> 5 [ label = "IsDescendantOf\l" ]
    59 -> 58 [ label = "CreatedIn\l" ]
    60 -> 0 [ label = "IsDescendantOf\l" ]
    60 -> 58 [ label = "CreatedIn\l" ]
    60 -> 61 [ label = "BelongsTo\l" ]
    61 -> 59 [ label = "IsFieldOf\l" ]
    61 -> 58 [ label = "CreatedIn\l" ]
    64 -> 0 [ label = "IsDescendantOf\l" ]
    64 -> 63 [ label = "CreatedIn\l" ]
    65 -> 0 [ label = "IsDescendantOf\l" ]
    65 -> 63 [ label = "CreatedIn\l" ]
    66 -> 5 [ label = "IsDescendantOf\l" ]
    66 -> 63 [ label = "CreatedIn\l" ]
    65 -> 67 [ label = "BelongsTo\l" ]
    67 -> 66 [ label = "IsFieldOf\l" ]
    67 -> 63 [ label = "CreatedIn\l" ]
    64 -> 68 [ label = "BelongsTo\l" ]
    68 -> 66 [ label = "IsFieldOf\l" ]
    68 -> 63 [ label = "CreatedIn\l" ]
    69 -> 0 [ label = "IsDescendantOf\l" ]
    69 -> 63 [ label = "CreatedIn\l" ]
    70 -> 2 [ label = "IsDescendantOf\l" ]
    70 -> 63 [ label = "CreatedIn\l" ]
    71 -> 0 [ label = "IsDescendantOf\l" ]
    71 -> 63 [ label = "CreatedIn\l" ]
    72 -> 11 [ label = "IsDescendantOf\l" ]
    72 -> 63 [ label = "CreatedIn\l" ]
    73 -> 0 [ label = "IsDescendantOf\l" ]
    73 -> 63 [ label = "CreatedIn\l" ]
    74 -> 72 [ label = "IsParameterOf\l" ]
    74 -> 63 [ label = "CreatedIn\l" ]
    72 -> 74 [ label = "HasBinding(\l    ShapeParameterBinding {\l        shape_id: \"shape_Nz89t8_Bqh\",\l    },\l)\l" ]
    72 -> 63 [ label = "UpdatedIn\l" ]
    75 -> 1 [ label = "IsDescendantOf\l" ]
    75 -> 63 [ label = "CreatedIn\l" ]
    76 -> 72 [ label = "IsParameterOf\l" ]
    76 -> 63 [ label = "CreatedIn\l" ]
    72 -> 76 [ label = "HasBinding(\l    ShapeParameterBinding {\l        shape_id: \"shape_vq7DwACJ-G\",\l    },\l)\l" ]
    72 -> 63 [ label = "UpdatedIn\l" ]
    77 -> 5 [ label = "IsDescendantOf\l" ]
    77 -> 63 [ label = "CreatedIn\l" ]
    78 -> 9 [ label = "IsDescendantOf\l" ]
    78 -> 63 [ label = "CreatedIn\l" ]
    78 -> 10 [ label = "HasBinding(\l    ShapeParameterBinding {\l        shape_id: \"shape_srwJQBA2wD\",\l    },\l)\l" ]
    78 -> 63 [ label = "UpdatedIn\l" ]
    78 -> 79 [ label = "BelongsTo\l" ]
    79 -> 77 [ label = "IsFieldOf\l" ]
    79 -> 63 [ label = "CreatedIn\l" ]
    71 -> 80 [ label = "BelongsTo\l" ]
    80 -> 77 [ label = "IsFieldOf\l" ]
    80 -> 63 [ label = "CreatedIn\l" ]
    70 -> 81 [ label = "BelongsTo\l" ]
    81 -> 77 [ label = "IsFieldOf\l" ]
    81 -> 63 [ label = "CreatedIn\l" ]
    69 -> 82 [ label = "BelongsTo\l" ]
    82 -> 77 [ label = "IsFieldOf\l" ]
    82 -> 63 [ label = "CreatedIn\l" ]
    83 -> 3 [ label = "IsDescendantOf\l" ]
    83 -> 63 [ label = "CreatedIn\l" ]
    83 -> 4 [ label = "HasBinding(\l    ShapeParameterBinding {\l        shape_id: \"shape_zV_LZfBDon\",\l    },\l)\l" ]
    83 -> 63 [ label = "UpdatedIn\l" ]
    84 -> 0 [ label = "IsDescendantOf\l" ]
    84 -> 63 [ label = "CreatedIn\l" ]
    85 -> 2 [ label = "IsDescendantOf\l" ]
    85 -> 63 [ label = "CreatedIn\l" ]
    86 -> 0 [ label = "IsDescendantOf\l" ]
    86 -> 63 [ label = "CreatedIn\l" ]
    87 -> 0 [ label = "IsDescendantOf\l" ]
    87 -> 63 [ label = "CreatedIn\l" ]
    88 -> 5 [ label = "IsDescendantOf\l" ]
    88 -> 63 [ label = "CreatedIn\l" ]
    89 -> 9 [ label = "IsDescendantOf\l" ]
    89 -> 63 [ label = "CreatedIn\l" ]
    89 -> 10 [ label = "HasBinding(\l    ShapeParameterBinding {\l        shape_id: \"shape_TbxEbeQ6ys\",\l    },\l)\l" ]
    89 -> 63 [ label = "UpdatedIn\l" ]
    89 -> 90 [ label = "BelongsTo\l" ]
    90 -> 88 [ label = "IsFieldOf\l" ]
    90 -> 63 [ label = "CreatedIn\l" ]
    86 -> 91 [ label = "BelongsTo\l" ]
    91 -> 88 [ label = "IsFieldOf\l" ]
    91 -> 63 [ label = "CreatedIn\l" ]
    85 -> 92 [ label = "BelongsTo\l" ]
    92 -> 88 [ label = "IsFieldOf\l" ]
    92 -> 63 [ label = "CreatedIn\l" ]
    84 -> 93 [ label = "BelongsTo\l" ]
    93 -> 88 [ label = "IsFieldOf\l" ]
    93 -> 63 [ label = "CreatedIn\l" ]
    94 -> 3 [ label = "IsDescendantOf\l" ]
    94 -> 63 [ label = "CreatedIn\l" ]
    94 -> 4 [ label = "HasBinding(\l    ShapeParameterBinding {\l        shape_id: \"shape_O4HmzJySkT\",\l    },\l)\l" ]
    94 -> 63 [ label = "UpdatedIn\l" ]
    95 -> 0 [ label = "IsDescendantOf\l" ]
    95 -> 63 [ label = "CreatedIn\l" ]
    96 -> 1 [ label = "IsDescendantOf\l" ]
    96 -> 63 [ label = "CreatedIn\l" ]
    97 -> 5 [ label = "IsDescendantOf\l" ]
    97 -> 63 [ label = "CreatedIn\l" ]
    96 -> 98 [ label = "BelongsTo\l" ]
    98 -> 97 [ label = "IsFieldOf\l" ]
    98 -> 63 [ label = "CreatedIn\l" ]
    95 -> 99 [ label = "BelongsTo\l" ]
    99 -> 97 [ label = "IsFieldOf\l" ]
    99 -> 63 [ label = "CreatedIn\l" ]
}

