---
source: workspaces/optic-engine/tests/domain-conflict-scenarios-generated.rs
expression: "&spec_projection.spectacle_endpoints_serializable()"
---
{
  "nodes": [
    {
      "type": "Path",
      "data": {
        "absolutePathPattern": "/",
        "isParameterized": false,
        "name": "",
        "pathId": "root",
        "isRemoved": false
      }
    },
    {
      "type": "BatchCommit",
      "data": {
        "batchId": "57630124-211a-440d-8bd3-2496ccc97f0c",
        "createdAt": "2021-02-01T18:25:15.656Z",
        "commitMessage": "initial spec"
      }
    },
    {
      "type": "Path",
      "data": {
        "absolutePathPattern": "/posts",
        "isParameterized": false,
        "name": "posts",
        "pathId": "path_9Wdr4kyshW",
        "isRemoved": false
      }
    },
    {
      "type": "Path",
      "data": {
        "absolutePathPattern": "/comments",
        "isParameterized": false,
        "name": "comments",
        "pathId": "path_8paa69fCfC",
        "isRemoved": false
      }
    },
    {
      "type": "Path",
      "data": {
        "absolutePathPattern": "/profile",
        "isParameterized": false,
        "name": "profile",
        "pathId": "path_osi3pD8diw",
        "isRemoved": false
      }
    },
    {
      "type": "Request",
      "data": {
        "httpMethod": "GET",
        "requestId": "request_w0KmJ5kZIe",
        "isRemoved": false
      }
    },
    {
      "type": "Response",
      "data": {
        "httpMethod": "GET",
        "httpStatusCode": 200,
        "responseId": "response_iQd5ISIZH9",
        "isRemoved": false
      }
    },
    {
      "type": "Body",
      "data": {
        "httpContentType": "application/json",
        "rootShapeId": "shape_E9IzHThmZv",
        "isRemoved": false
      }
    },
    {
      "type": "Request",
      "data": {
        "httpMethod": "GET",
        "requestId": "request_CEJzcYN3NN",
        "isRemoved": false
      }
    },
    {
      "type": "Response",
      "data": {
        "httpMethod": "GET",
        "httpStatusCode": 200,
        "responseId": "response_ata4rM8zB1",
        "isRemoved": false
      }
    },
    {
      "type": "Body",
      "data": {
        "httpContentType": "application/json",
        "rootShapeId": "shape_UlLNexyAzZ",
        "isRemoved": false
      }
    },
    {
      "type": "Request",
      "data": {
        "httpMethod": "GET",
        "requestId": "request_AJISCmgnoU",
        "isRemoved": false
      }
    },
    {
      "type": "Response",
      "data": {
        "httpMethod": "GET",
        "httpStatusCode": 200,
        "responseId": "response_HZFYN85Iui",
        "isRemoved": false
      }
    },
    {
      "type": "Body",
      "data": {
        "httpContentType": "application/json",
        "rootShapeId": "shape_MiVhGwZrMY",
        "isRemoved": false
      }
    },
    {
      "type": "BatchCommit",
      "data": {
        "batchId": "2f5c2536-6500-495a-b0b1-947d55394009",
        "createdAt": "2021-02-01T18:26:25.849Z",
        "commitMessage": "initial spec"
      }
    },
    {
      "type": "Path",
      "data": {
        "absolutePathPattern": "/posts",
        "isParameterized": false,
        "name": "posts",
        "pathId": "path_rmPGKep5SW",
        "isRemoved": false
      }
    },
    {
      "type": "Path",
      "data": {
        "absolutePathPattern": "/profile",
        "isParameterized": false,
        "name": "profile",
        "pathId": "path_CmA4ZrhSXc",
        "isRemoved": false
      }
    },
    {
      "type": "Request",
      "data": {
        "httpMethod": "GET",
        "requestId": "request_lUXaqigODI",
        "isRemoved": false
      }
    },
    {
      "type": "Response",
      "data": {
        "httpMethod": "GET",
        "httpStatusCode": 200,
        "responseId": "response_zEjgh3n6Uq",
        "isRemoved": false
      }
    },
    {
      "type": "Body",
      "data": {
        "httpContentType": "application/json",
        "rootShapeId": "shape_GsyFkrJzlL",
        "isRemoved": false
      }
    },
    {
      "type": "Request",
      "data": {
        "httpMethod": "GET",
        "requestId": "request_ncEWlZU2g3",
        "isRemoved": false
      }
    },
    {
      "type": "Response",
      "data": {
        "httpMethod": "GET",
        "httpStatusCode": 200,
        "responseId": "response_pan3yNmeiQ",
        "isRemoved": false
      }
    },
    {
      "type": "Body",
      "data": {
        "httpContentType": "application/json",
        "rootShapeId": "shape_ApnstcbWQx",
        "isRemoved": false
      }
    }
  ],
  "edges": [
    [
      2,
      0,
      {
        "type": "IsChildOf"
      }
    ],
    [
      2,
      1,
      {
        "type": "CreatedIn"
      }
    ],
    [
      3,
      0,
      {
        "type": "IsChildOf"
      }
    ],
    [
      3,
      1,
      {
        "type": "CreatedIn"
      }
    ],
    [
      4,
      0,
      {
        "type": "IsChildOf"
      }
    ],
    [
      4,
      1,
      {
        "type": "CreatedIn"
      }
    ],
    [
      5,
      2,
      {
        "type": "IsChildOf"
      }
    ],
    [
      5,
      1,
      {
        "type": "CreatedIn"
      }
    ],
    [
      6,
      2,
      {
        "type": "IsChildOf"
      }
    ],
    [
      6,
      1,
      {
        "type": "CreatedIn"
      }
    ],
    [
      7,
      6,
      {
        "type": "IsChildOf"
      }
    ],
    [
      7,
      1,
      {
        "type": "CreatedIn"
      }
    ],
    [
      8,
      3,
      {
        "type": "IsChildOf"
      }
    ],
    [
      8,
      1,
      {
        "type": "CreatedIn"
      }
    ],
    [
      9,
      3,
      {
        "type": "IsChildOf"
      }
    ],
    [
      9,
      1,
      {
        "type": "CreatedIn"
      }
    ],
    [
      10,
      9,
      {
        "type": "IsChildOf"
      }
    ],
    [
      10,
      1,
      {
        "type": "CreatedIn"
      }
    ],
    [
      11,
      4,
      {
        "type": "IsChildOf"
      }
    ],
    [
      11,
      1,
      {
        "type": "CreatedIn"
      }
    ],
    [
      12,
      4,
      {
        "type": "IsChildOf"
      }
    ],
    [
      12,
      1,
      {
        "type": "CreatedIn"
      }
    ],
    [
      13,
      12,
      {
        "type": "IsChildOf"
      }
    ],
    [
      13,
      1,
      {
        "type": "CreatedIn"
      }
    ],
    [
      15,
      0,
      {
        "type": "IsChildOf"
      }
    ],
    [
      15,
      14,
      {
        "type": "CreatedIn"
      }
    ],
    [
      16,
      0,
      {
        "type": "IsChildOf"
      }
    ],
    [
      16,
      14,
      {
        "type": "CreatedIn"
      }
    ],
    [
      17,
      15,
      {
        "type": "IsChildOf"
      }
    ],
    [
      17,
      14,
      {
        "type": "CreatedIn"
      }
    ],
    [
      18,
      15,
      {
        "type": "IsChildOf"
      }
    ],
    [
      18,
      14,
      {
        "type": "CreatedIn"
      }
    ],
    [
      19,
      18,
      {
        "type": "IsChildOf"
      }
    ],
    [
      19,
      14,
      {
        "type": "CreatedIn"
      }
    ],
    [
      20,
      16,
      {
        "type": "IsChildOf"
      }
    ],
    [
      20,
      14,
      {
        "type": "CreatedIn"
      }
    ],
    [
      21,
      16,
      {
        "type": "IsChildOf"
      }
    ],
    [
      21,
      14,
      {
        "type": "CreatedIn"
      }
    ],
    [
      22,
      21,
      {
        "type": "IsChildOf"
      }
    ],
    [
      22,
      14,
      {
        "type": "CreatedIn"
      }
    ]
  ],
  "nodeIndexToId": {
    "0": "root",
    "1": "57630124-211a-440d-8bd3-2496ccc97f0c",
    "10": "shape_UlLNexyAzZ",
    "11": "request_AJISCmgnoU",
    "12": "response_HZFYN85Iui",
    "13": "shape_MiVhGwZrMY",
    "14": "2f5c2536-6500-495a-b0b1-947d55394009",
    "15": "path_rmPGKep5SW",
    "16": "path_CmA4ZrhSXc",
    "17": "request_lUXaqigODI",
    "18": "response_zEjgh3n6Uq",
    "19": "shape_GsyFkrJzlL",
    "2": "path_9Wdr4kyshW",
    "20": "request_ncEWlZU2g3",
    "21": "response_pan3yNmeiQ",
    "22": "shape_ApnstcbWQx",
    "3": "path_8paa69fCfC",
    "4": "path_osi3pD8diw",
    "5": "request_w0KmJ5kZIe",
    "6": "response_iQd5ISIZH9",
    "7": "shape_E9IzHThmZv",
    "8": "request_CEJzcYN3NN",
    "9": "response_ata4rM8zB1"
  }
}
