---
source: workspaces/optic-engine/tests/domain-conflict-scenarios-generated.rs
expression: "&spec_projection.shape().to_choice_mapping()"
---
{
    "shape_6jDgwnsBIS": [
        Object(
            ObjectChoice {
                shape_id: "shape_6jDgwnsBIS",
                json_type: Object,
                fields: [],
            },
        ),
    ],
    "shape_KGAzNVDmp3": [
        Primitive(
            PrimitiveChoice {
                shape_id: "shape_KGAzNVDmp3",
                json_type: String,
            },
        ),
    ],
    "shape_MuzY5JgqlX": [
        Primitive(
            PrimitiveChoice {
                shape_id: "shape_MuzY5JgqlX",
                json_type: String,
            },
        ),
    ],
    "shape_N0zGjTOmjb": [
        Primitive(
            PrimitiveChoice {
                shape_id: "shape_N0zGjTOmjb",
                json_type: String,
            },
        ),
    ],
    "shape_UmdGwe9ZXw": [
        Primitive(
            PrimitiveChoice {
                shape_id: "shape_UmdGwe9ZXw",
                json_type: String,
            },
        ),
    ],
    "shape_UzxFqwGJ8h": [
        Object(
            ObjectChoice {
                shape_id: "shape_UzxFqwGJ8h",
                json_type: Object,
                fields: [
                    ObjectFieldChoice {
                        name: "cars",
                        field_id: "field_9JoXLW4PMX",
                        shape_id: "shape_m0tBaSSxY5",
                        is_removed: false,
                    },
                    ObjectFieldChoice {
                        name: "color",
                        field_id: "field_0Gsxw9zhsc",
                        shape_id: "shape_UmdGwe9ZXw",
                        is_removed: false,
                    },
                    ObjectFieldChoice {
                        name: "rank",
                        field_id: "field_vgnTR30nGU",
                        shape_id: "shape_oXDbLBSNB3",
                        is_removed: false,
                    },
                    ObjectFieldChoice {
                        name: "color",
                        field_id: "field_CqWz6xVFHb",
                        shape_id: "shape_KGAzNVDmp3",
                        is_removed: false,
                    },
                    ObjectFieldChoice {
                        name: "title",
                        field_id: "field_eMDZZdHr0p",
                        shape_id: "shape_N0zGjTOmjb",
                        is_removed: false,
                    },
                    ObjectFieldChoice {
                        name: "id",
                        field_id: "field_agNCpLfAQW",
                        shape_id: "shape_vjc8zOCKL7",
                        is_removed: false,
                    },
                    ObjectFieldChoice {
                        name: "author",
                        field_id: "field_BbqlNm0IrO",
                        shape_id: "shape_MuzY5JgqlX",
                        is_removed: false,
                    },
                ],
            },
        ),
    ],
    "shape_m0tBaSSxY5": [
        Array(
            ArrayChoice {
                json_type: Array,
                shape_id: "shape_m0tBaSSxY5",
                item_shape_id: "shape_qw3EfisIOL",
            },
        ),
    ],
    "shape_oXDbLBSNB3": [
        Primitive(
            PrimitiveChoice {
                shape_id: "shape_oXDbLBSNB3",
                json_type: Number,
            },
        ),
    ],
    "shape_qw3EfisIOL": [
        Primitive(
            PrimitiveChoice {
                shape_id: "shape_qw3EfisIOL",
                json_type: String,
            },
        ),
    ],
    "shape_vjc8zOCKL7": [
        Primitive(
            PrimitiveChoice {
                shape_id: "shape_vjc8zOCKL7",
                json_type: Number,
            },
        ),
    ],
}
