---
source: workspaces/optic-engine/tests/interaction-diff-use-cases.rs
expression: "&spec_projection.shape().to_choice_mapping()"
---
{
  "shape_9CwetZOv0K": [
    {
      "type": "Primitive",
      "shapeId": "shape_9CwetZOv0K",
      "jsonType": "Undefined"
    },
    {
      "type": "Primitive",
      "shapeId": "shape_fjzsDTs0rs",
      "jsonType": "String"
    }
  ],
  "shape_9pOqYqjpGb": [
    {
      "type": "Array",
      "jsonType": "Array",
      "shapeId": "shape_9pOqYqjpGb",
      "itemShapeId": "shape_q6OD6W1YAb"
    }
  ],
  "shape_fjzsDTs0rs": [
    {
      "type": "Primitive",
      "shapeId": "shape_fjzsDTs0rs",
      "jsonType": "String"
    }
  ],
  "shape_q6OD6W1YAb": [
    {
      "type": "Object",
      "shapeId": "shape_q6OD6W1YAb",
      "jsonType": "Object",
      "fields": [
        {
          "name": "task",
          "fieldId": "field_tToOrayR7C",
          "shapeId": "shape_s59DPL1y4C",
          "isRemoved": false
        },
        {
          "name": "isDone",
          "fieldId": "field_ce28JLQRAU",
          "shapeId": "shape_qvKmGxh-nZ",
          "isRemoved": false
        },
        {
          "name": "id",
          "fieldId": "field_Cu-cFjI4FI",
          "shapeId": "shape_xXBDmbay66",
          "isRemoved": false
        },
        {
          "name": "dueDate",
          "fieldId": "field_uOKkB-HlmR",
          "shapeId": "shape_9CwetZOv0K",
          "isRemoved": false
        }
      ]
    }
  ],
  "shape_qvKmGxh-nZ": [
    {
      "type": "Primitive",
      "shapeId": "shape_qvKmGxh-nZ",
      "jsonType": "Boolean"
    }
  ],
  "shape_s59DPL1y4C": [
    {
      "type": "Primitive",
      "shapeId": "shape_s59DPL1y4C",
      "jsonType": "String"
    }
  ],
  "shape_xXBDmbay66": [
    {
      "type": "Primitive",
      "shapeId": "shape_xXBDmbay66",
      "jsonType": "String"
    }
  ]
}
