---
source: workspaces/optic-engine/tests/interaction-diff-use-cases.rs
expression: "&spec_projection.shape().to_choice_mapping()"
---
{
    "baseline-shape_10": [
        Object(
            ObjectChoice {
                shape_id: "baseline-shape_10",
                json_type: Object,
                fields: [],
            },
        ),
    ],
    "baseline-shape_5": [
        Primitive(
            PrimitiveChoice {
                shape_id: "baseline-shape_5",
                json_type: String,
            },
        ),
    ],
    "baseline-shape_6": [],
    "baseline-shape_7": [
        Primitive(
            PrimitiveChoice {
                shape_id: "baseline-shape_7",
                json_type: Null,
            },
        ),
    ],
    "baseline-shape_8": [
        Object(
            ObjectChoice {
                shape_id: "baseline-shape_8",
                json_type: Object,
                fields: [
                    ObjectFieldChoice {
                        name: "price",
                        field_id: "baseline-field_4",
                        shape_id: "baseline-shape_7",
                        is_removed: false,
                    },
                    ObjectFieldChoice {
                        name: "address",
                        field_id: "baseline-field_3",
                        shape_id: "baseline-shape_5",
                        is_removed: false,
                    },
                ],
            },
        ),
    ],
    "baseline-shape_9": [
        Array(
            ArrayChoice {
                json_type: Array,
                shape_id: "baseline-shape_9",
                item_shape_id: "baseline-shape_8",
            },
        ),
    ],
}
