---
source: workspaces/optic-engine/tests/interaction-diff-use-cases.rs
expression: "&spec_projection.shape().to_choice_mapping()"
---
{
  "shape_0Z1KxFx3Q3": [
    {
      "type": "Primitive",
      "shapeId": "shape_0Z1KxFx3Q3",
      "jsonType": "String"
    }
  ],
  "shape_1K7h84XwT6": [
    {
      "type": "Object",
      "shapeId": "shape_1K7h84XwT6",
      "jsonType": "Object",
      "fields": [
        {
          "name": "xmlns",
          "fieldId": "field_u20HS5kyf1",
          "shapeId": "shape_7bGGTfwuUs",
          "isRemoved": false
        },
        {
          "name": "url",
          "fieldId": "field_bCm0zHsqCa",
          "shapeId": "shape_4l2V7bUzNQ",
          "isRemoved": false
        },
        {
          "name": "total",
          "fieldId": "field_dlVIugfUjy",
          "shapeId": "shape_7okUlcsfTe",
          "isRemoved": false
        },
        {
          "name": "series",
          "fieldId": "field_HHoUcbcxiY",
          "shapeId": "shape_xMMQP7RnaR",
          "isRemoved": false
        },
        {
          "name": "offset",
          "fieldId": "field_AJm7jNHyxN",
          "shapeId": "shape_OsCK29Ako2",
          "isRemoved": false
        },
        {
          "name": "limit",
          "fieldId": "field_D2sd46FKwj",
          "shapeId": "shape_0Z1KxFx3Q3",
          "isRemoved": false
        },
        {
          "name": "RaceTable",
          "fieldId": "field_I25Vs4cAAF",
          "shapeId": "shape_HBb7JQz6nd",
          "isRemoved": false
        }
      ]
    }
  ],
  "shape_1VbLLR6vHi": [
    {
      "type": "Object",
      "shapeId": "shape_1VbLLR6vHi",
      "jsonType": "Object",
      "fields": [
        {
          "name": "url",
          "fieldId": "field_5vrGHyf7ZM",
          "shapeId": "shape_fj2yWpRDEh",
          "isRemoved": false
        },
        {
          "name": "time",
          "fieldId": "field_EOHqqOsyYy",
          "shapeId": "shape_vtcch5ZDVh",
          "isRemoved": false
        },
        {
          "name": "season",
          "fieldId": "field_fxqkg1XvG1",
          "shapeId": "shape_JqT7NUslk6",
          "isRemoved": false
        },
        {
          "name": "round",
          "fieldId": "field_tHi1Gwb8Ku",
          "shapeId": "shape_i61BOAwOhw",
          "isRemoved": false
        },
        {
          "name": "raceName",
          "fieldId": "field_ITFL2jMB8x",
          "shapeId": "shape_qqIHC6xDVH",
          "isRemoved": false
        },
        {
          "name": "date",
          "fieldId": "field_Uh902Vk78C",
          "shapeId": "shape_h8jdPLNKsp",
          "isRemoved": false
        },
        {
          "name": "Results",
          "fieldId": "field_zOCRycvAZJ",
          "shapeId": "shape_3qED1KRQhg",
          "isRemoved": false
        },
        {
          "name": "Circuit",
          "fieldId": "field_s68MXfY4fa",
          "shapeId": "shape_SjcBKS9X84",
          "isRemoved": false
        }
      ]
    }
  ],
  "shape_1j3n4HJX9Q": [
    {
      "type": "Primitive",
      "shapeId": "shape_1j3n4HJX9Q",
      "jsonType": "String"
    }
  ],
  "shape_3Xq1EaSQkc": [
    {
      "type": "Primitive",
      "shapeId": "shape_3Xq1EaSQkc",
      "jsonType": "String"
    }
  ],
  "shape_3qED1KRQhg": [
    {
      "type": "Array",
      "jsonType": "Array",
      "shapeId": "shape_3qED1KRQhg",
      "itemShapeId": "shape_XA5M5sp7FW"
    }
  ],
  "shape_4gwDxcPIcD": [
    {
      "type": "Object",
      "shapeId": "shape_4gwDxcPIcD",
      "jsonType": "Object",
      "fields": []
    }
  ],
  "shape_4l2V7bUzNQ": [
    {
      "type": "Primitive",
      "shapeId": "shape_4l2V7bUzNQ",
      "jsonType": "String"
    }
  ],
  "shape_5pwI4nMken": [
    {
      "type": "Primitive",
      "shapeId": "shape_5pwI4nMken",
      "jsonType": "String"
    }
  ],
  "shape_6PiVFtClLo": [
    {
      "type": "Primitive",
      "shapeId": "shape_6PiVFtClLo",
      "jsonType": "String"
    }
  ],
  "shape_7bGGTfwuUs": [
    {
      "type": "Primitive",
      "shapeId": "shape_7bGGTfwuUs",
      "jsonType": "String"
    }
  ],
  "shape_7okUlcsfTe": [
    {
      "type": "Primitive",
      "shapeId": "shape_7okUlcsfTe",
      "jsonType": "String"
    }
  ],
  "shape_9MGrgzPhOw": [
    {
      "type": "Primitive",
      "shapeId": "shape_9MGrgzPhOw",
      "jsonType": "String"
    }
  ],
  "shape_9nsoVJbTP1": [
    {
      "type": "Primitive",
      "shapeId": "shape_9nsoVJbTP1",
      "jsonType": "String"
    }
  ],
  "shape_DEfFaB2sUk": [
    {
      "type": "Primitive",
      "shapeId": "shape_DEfFaB2sUk",
      "jsonType": "String"
    }
  ],
  "shape_DHB4lACdul": [
    {
      "type": "Primitive",
      "shapeId": "shape_DHB4lACdul",
      "jsonType": "String"
    }
  ],
  "shape_DTHG1XLMPV": [
    {
      "type": "Object",
      "shapeId": "shape_DTHG1XLMPV",
      "jsonType": "Object",
      "fields": [
        {
          "name": "rank",
          "fieldId": "field_WnKwfz5il8",
          "shapeId": "shape_cqBVUMcF7a",
          "isRemoved": false
        },
        {
          "name": "lap",
          "fieldId": "field_1LCpA0S0dv",
          "shapeId": "shape_fzqDsTcmuM",
          "isRemoved": false
        },
        {
          "name": "Time",
          "fieldId": "field_aTz005ocl8",
          "shapeId": "shape_Hkes6mW059",
          "isRemoved": false
        },
        {
          "name": "AverageSpeed",
          "fieldId": "field_dGAokm0W6a",
          "shapeId": "shape_Mz0Bk8LJx4",
          "isRemoved": false
        }
      ]
    }
  ],
  "shape_E3wIBYUTxz": [
    {
      "type": "Primitive",
      "shapeId": "shape_E3wIBYUTxz",
      "jsonType": "String"
    }
  ],
  "shape_GMtxDoA6QP": [
    {
      "type": "Object",
      "shapeId": "shape_GMtxDoA6QP",
      "jsonType": "Object",
      "fields": [
        {
          "name": "MRData",
          "fieldId": "field_AfS6EZ0kL3",
          "shapeId": "shape_1K7h84XwT6",
          "isRemoved": false
        }
      ]
    }
  ],
  "shape_Gs1LzYEfCQ": [
    {
      "type": "Primitive",
      "shapeId": "shape_Gs1LzYEfCQ",
      "jsonType": "String"
    }
  ],
  "shape_HA1BOdtyPQ": [
    {
      "type": "Primitive",
      "shapeId": "shape_HA1BOdtyPQ",
      "jsonType": "String"
    }
  ],
  "shape_HBb7JQz6nd": [
    {
      "type": "Object",
      "shapeId": "shape_HBb7JQz6nd",
      "jsonType": "Object",
      "fields": [
        {
          "name": "season",
          "fieldId": "field_twka43JljA",
          "shapeId": "shape_Gs1LzYEfCQ",
          "isRemoved": false
        },
        {
          "name": "driverId",
          "fieldId": "field_44RBXlpcQJ",
          "shapeId": "shape_9nsoVJbTP1",
          "isRemoved": false
        },
        {
          "name": "Races",
          "fieldId": "field_pwfcDq2meR",
          "shapeId": "shape_oCz30NI4Be",
          "isRemoved": false
        }
      ]
    }
  ],
  "shape_Hkes6mW059": [
    {
      "type": "Object",
      "shapeId": "shape_Hkes6mW059",
      "jsonType": "Object",
      "fields": [
        {
          "name": "time",
          "fieldId": "field_6ydB4IrZlc",
          "shapeId": "shape_3Xq1EaSQkc",
          "isRemoved": false
        }
      ]
    }
  ],
  "shape_JqT7NUslk6": [
    {
      "type": "Primitive",
      "shapeId": "shape_JqT7NUslk6",
      "jsonType": "String"
    }
  ],
  "shape_K6Xw9fkWDL": [
    {
      "type": "Primitive",
      "shapeId": "shape_K6Xw9fkWDL",
      "jsonType": "String"
    }
  ],
  "shape_KS7FqcnW2A": [
    {
      "type": "Object",
      "shapeId": "shape_KS7FqcnW2A",
      "jsonType": "Object",
      "fields": [
        {
          "name": "url",
          "fieldId": "field_TkpOoAcXqQ",
          "shapeId": "shape_oHbu87Sp9N",
          "isRemoved": false
        },
        {
          "name": "nationality",
          "fieldId": "field_rUJm7Tpubm",
          "shapeId": "shape_Y8rkTAcuZE",
          "isRemoved": false
        },
        {
          "name": "name",
          "fieldId": "field_GSf561xjeR",
          "shapeId": "shape_1j3n4HJX9Q",
          "isRemoved": false
        },
        {
          "name": "constructorId",
          "fieldId": "field_s6VsXMW0us",
          "shapeId": "shape_kaSMMlXLVr",
          "isRemoved": false
        }
      ]
    }
  ],
  "shape_LogwGfZ6dt": [
    {
      "type": "Primitive",
      "shapeId": "shape_LogwGfZ6dt",
      "jsonType": "String"
    }
  ],
  "shape_M1u1THiLg5": [
    {
      "type": "Primitive",
      "shapeId": "shape_M1u1THiLg5",
      "jsonType": "String"
    }
  ],
  "shape_Mz0Bk8LJx4": [
    {
      "type": "Object",
      "shapeId": "shape_Mz0Bk8LJx4",
      "jsonType": "Object",
      "fields": [
        {
          "name": "units",
          "fieldId": "field_5Zv3SxFPOU",
          "shapeId": "shape_iIDIvLCcfS",
          "isRemoved": false
        },
        {
          "name": "speed",
          "fieldId": "field_o5ULX5rah5",
          "shapeId": "shape_g4w0rcshvo",
          "isRemoved": false
        }
      ]
    }
  ],
  "shape_O0T6r1aNzJ": [
    {
      "type": "Primitive",
      "shapeId": "shape_O0T6r1aNzJ",
      "jsonType": "String"
    }
  ],
  "shape_OsCK29Ako2": [
    {
      "type": "Primitive",
      "shapeId": "shape_OsCK29Ako2",
      "jsonType": "String"
    }
  ],
  "shape_Q1vmb3Yk2o": [
    {
      "type": "Object",
      "shapeId": "shape_Q1vmb3Yk2o",
      "jsonType": "Object",
      "fields": [
        {
          "name": "url",
          "fieldId": "field_81jKaGGrKR",
          "shapeId": "shape_LogwGfZ6dt",
          "isRemoved": false
        },
        {
          "name": "permanentNumber",
          "fieldId": "field_hVjqCtul7Q",
          "shapeId": "shape_rJTgdHbZb7",
          "isRemoved": false
        },
        {
          "name": "nationality",
          "fieldId": "field_jdFc2OsRqK",
          "shapeId": "shape_dHPixDTUHS",
          "isRemoved": false
        },
        {
          "name": "givenName",
          "fieldId": "field_8H0yrYYep1",
          "shapeId": "shape_y7BytS15uN",
          "isRemoved": false
        },
        {
          "name": "familyName",
          "fieldId": "field_9snl3gNh4X",
          "shapeId": "shape_hqbqzPsf3k",
          "isRemoved": false
        },
        {
          "name": "driverId",
          "fieldId": "field_7J5ypaUHV9",
          "shapeId": "shape_HA1BOdtyPQ",
          "isRemoved": false
        },
        {
          "name": "dateOfBirth",
          "fieldId": "field_IlsI9NRyiz",
          "shapeId": "shape_O0T6r1aNzJ",
          "isRemoved": false
        },
        {
          "name": "code",
          "fieldId": "field_9SnD9jv8Tl",
          "shapeId": "shape_hWdV0MH64c",
          "isRemoved": false
        }
      ]
    }
  ],
  "shape_SjcBKS9X84": [
    {
      "type": "Object",
      "shapeId": "shape_SjcBKS9X84",
      "jsonType": "Object",
      "fields": [
        {
          "name": "url",
          "fieldId": "field_dw1hKLcEMo",
          "shapeId": "shape_wlrayc7Z9k",
          "isRemoved": false
        },
        {
          "name": "circuitName",
          "fieldId": "field_uvJluUP3ut",
          "shapeId": "shape_TErEvQDRaw",
          "isRemoved": false
        },
        {
          "name": "circuitId",
          "fieldId": "field_ptSwJsy7tI",
          "shapeId": "shape_K6Xw9fkWDL",
          "isRemoved": false
        },
        {
          "name": "Location",
          "fieldId": "field_qFQP5yfXhW",
          "shapeId": "shape_mJS8YvoM93",
          "isRemoved": false
        }
      ]
    }
  ],
  "shape_TErEvQDRaw": [
    {
      "type": "Primitive",
      "shapeId": "shape_TErEvQDRaw",
      "jsonType": "String"
    }
  ],
  "shape_XA5M5sp7FW": [
    {
      "type": "Object",
      "shapeId": "shape_XA5M5sp7FW",
      "jsonType": "Object",
      "fields": [
        {
          "name": "status",
          "fieldId": "field_9dSuRtTTxG",
          "shapeId": "shape_DHB4lACdul",
          "isRemoved": false
        },
        {
          "name": "positionText",
          "fieldId": "field_VuPEcyF1vf",
          "shapeId": "shape_9MGrgzPhOw",
          "isRemoved": false
        },
        {
          "name": "position",
          "fieldId": "field_c0MactNj2A",
          "shapeId": "shape_xlbP1rucqo",
          "isRemoved": false
        },
        {
          "name": "points",
          "fieldId": "field_vsB4s8Pe09",
          "shapeId": "shape_txo6ZqOtpk",
          "isRemoved": false
        },
        {
          "name": "number",
          "fieldId": "field_aCn1z3SwaT",
          "shapeId": "shape_DEfFaB2sUk",
          "isRemoved": false
        },
        {
          "name": "laps",
          "fieldId": "field_H4Pl7Ds9uR",
          "shapeId": "shape_E3wIBYUTxz",
          "isRemoved": false
        },
        {
          "name": "grid",
          "fieldId": "field_EctFv7oFaj",
          "shapeId": "shape_M1u1THiLg5",
          "isRemoved": false
        },
        {
          "name": "Time",
          "fieldId": "field_jBer8hMnm5",
          "shapeId": "shape_ZaQCM40d39",
          "isRemoved": false
        },
        {
          "name": "FastestLap",
          "fieldId": "field_lKkPHZp1kM",
          "shapeId": "shape_DTHG1XLMPV",
          "isRemoved": false
        },
        {
          "name": "Driver",
          "fieldId": "field_9NjjQ8XqiC",
          "shapeId": "shape_Q1vmb3Yk2o",
          "isRemoved": false
        },
        {
          "name": "Constructor",
          "fieldId": "field_oD4xnLYdGS",
          "shapeId": "shape_KS7FqcnW2A",
          "isRemoved": false
        }
      ]
    }
  ],
  "shape_Y8rkTAcuZE": [
    {
      "type": "Primitive",
      "shapeId": "shape_Y8rkTAcuZE",
      "jsonType": "String"
    }
  ],
  "shape_ZUQJjxZZWk": [
    {
      "type": "Primitive",
      "shapeId": "shape_ZUQJjxZZWk",
      "jsonType": "String"
    }
  ],
  "shape_ZaQCM40d39": [
    {
      "type": "Object",
      "shapeId": "shape_ZaQCM40d39",
      "jsonType": "Object",
      "fields": [
        {
          "name": "time",
          "fieldId": "field_aI3iJKd8d8",
          "shapeId": "shape_ixSsYcqP04",
          "isRemoved": false
        },
        {
          "name": "millis",
          "fieldId": "field_gOoqPkowDP",
          "shapeId": "shape_5pwI4nMken",
          "isRemoved": false
        }
      ]
    }
  ],
  "shape_cnvPSZhe85": [
    {
      "type": "Primitive",
      "shapeId": "shape_cnvPSZhe85",
      "jsonType": "String"
    }
  ],
  "shape_cqBVUMcF7a": [
    {
      "type": "Primitive",
      "shapeId": "shape_cqBVUMcF7a",
      "jsonType": "String"
    }
  ],
  "shape_dHCx3UqvZy": [
    {
      "type": "Primitive",
      "shapeId": "shape_dHCx3UqvZy",
      "jsonType": "String"
    }
  ],
  "shape_dHPixDTUHS": [
    {
      "type": "Primitive",
      "shapeId": "shape_dHPixDTUHS",
      "jsonType": "String"
    }
  ],
  "shape_fj2yWpRDEh": [
    {
      "type": "Primitive",
      "shapeId": "shape_fj2yWpRDEh",
      "jsonType": "String"
    }
  ],
  "shape_fzqDsTcmuM": [
    {
      "type": "Primitive",
      "shapeId": "shape_fzqDsTcmuM",
      "jsonType": "String"
    }
  ],
  "shape_g4w0rcshvo": [
    {
      "type": "Primitive",
      "shapeId": "shape_g4w0rcshvo",
      "jsonType": "String"
    }
  ],
  "shape_gHBFqqy32v": [
    {
      "type": "Primitive",
      "shapeId": "shape_gHBFqqy32v",
      "jsonType": "String"
    }
  ],
  "shape_h8jdPLNKsp": [
    {
      "type": "Primitive",
      "shapeId": "shape_h8jdPLNKsp",
      "jsonType": "String"
    }
  ],
  "shape_hWdV0MH64c": [
    {
      "type": "Primitive",
      "shapeId": "shape_hWdV0MH64c",
      "jsonType": "String"
    }
  ],
  "shape_hqbqzPsf3k": [
    {
      "type": "Primitive",
      "shapeId": "shape_hqbqzPsf3k",
      "jsonType": "String"
    }
  ],
  "shape_i61BOAwOhw": [
    {
      "type": "Primitive",
      "shapeId": "shape_i61BOAwOhw",
      "jsonType": "String"
    }
  ],
  "shape_iIDIvLCcfS": [
    {
      "type": "Primitive",
      "shapeId": "shape_iIDIvLCcfS",
      "jsonType": "String"
    }
  ],
  "shape_iTjHeinxZf": [
    {
      "type": "Primitive",
      "shapeId": "shape_iTjHeinxZf",
      "jsonType": "String"
    }
  ],
  "shape_ixSsYcqP04": [
    {
      "type": "Primitive",
      "shapeId": "shape_ixSsYcqP04",
      "jsonType": "String"
    }
  ],
  "shape_kaSMMlXLVr": [
    {
      "type": "Primitive",
      "shapeId": "shape_kaSMMlXLVr",
      "jsonType": "String"
    }
  ],
  "shape_mJS8YvoM93": [
    {
      "type": "Object",
      "shapeId": "shape_mJS8YvoM93",
      "jsonType": "Object",
      "fields": [
        {
          "name": "long",
          "fieldId": "field_bucD5E3tTS",
          "shapeId": "shape_6PiVFtClLo",
          "isRemoved": false
        },
        {
          "name": "locality",
          "fieldId": "field_f7TctEJF0J",
          "shapeId": "shape_cnvPSZhe85",
          "isRemoved": false
        },
        {
          "name": "lat",
          "fieldId": "field_npavLXSDbj",
          "shapeId": "shape_iTjHeinxZf",
          "isRemoved": false
        },
        {
          "name": "country",
          "fieldId": "field_rmmGg6vaf7",
          "shapeId": "shape_dHCx3UqvZy",
          "isRemoved": false
        }
      ]
    }
  ],
  "shape_oCz30NI4Be": [
    {
      "type": "Array",
      "jsonType": "Array",
      "shapeId": "shape_oCz30NI4Be",
      "itemShapeId": "shape_1VbLLR6vHi"
    }
  ],
  "shape_oHbu87Sp9N": [
    {
      "type": "Primitive",
      "shapeId": "shape_oHbu87Sp9N",
      "jsonType": "String"
    }
  ],
  "shape_qqIHC6xDVH": [
    {
      "type": "Primitive",
      "shapeId": "shape_qqIHC6xDVH",
      "jsonType": "String"
    }
  ],
  "shape_rJTgdHbZb7": [
    {
      "type": "Primitive",
      "shapeId": "shape_rJTgdHbZb7",
      "jsonType": "String"
    }
  ],
  "shape_txo6ZqOtpk": [
    {
      "type": "Primitive",
      "shapeId": "shape_txo6ZqOtpk",
      "jsonType": "String"
    }
  ],
  "shape_vtcch5ZDVh": [
    {
      "type": "Primitive",
      "shapeId": "shape_vtcch5ZDVh",
      "jsonType": "String"
    }
  ],
  "shape_wlrayc7Z9k": [
    {
      "type": "Primitive",
      "shapeId": "shape_wlrayc7Z9k",
      "jsonType": "String"
    }
  ],
  "shape_xMMQP7RnaR": [
    {
      "type": "Primitive",
      "shapeId": "shape_xMMQP7RnaR",
      "jsonType": "String"
    }
  ],
  "shape_xlbP1rucqo": [
    {
      "type": "Primitive",
      "shapeId": "shape_xlbP1rucqo",
      "jsonType": "String"
    }
  ],
  "shape_y7BytS15uN": [
    {
      "type": "Primitive",
      "shapeId": "shape_y7BytS15uN",
      "jsonType": "String"
    }
  ]
}
