---
source: workspaces/optic-engine/tests/interaction-diff-use-cases.rs
expression: "Dot::with_config(&spec_projection.shape().graph, &[])"
---
digraph {
    0 [ label = "CoreShape(\l    CoreShapeNode {\l        shape_id: \"$string\",\l        descriptor: CoreShapeNodeDescriptor {\l            kind: StringKind,\l        },\l    },\l)\l" ]
    1 [ label = "CoreShape(\l    CoreShapeNode {\l        shape_id: \"$number\",\l        descriptor: CoreShapeNodeDescriptor {\l            kind: NumberKind,\l        },\l    },\l)\l" ]
    2 [ label = "CoreShape(\l    CoreShapeNode {\l        shape_id: \"$boolean\",\l        descriptor: CoreShapeNodeDescriptor {\l            kind: BooleanKind,\l        },\l    },\l)\l" ]
    3 [ label = "CoreShape(\l    CoreShapeNode {\l        shape_id: \"$list\",\l        descriptor: CoreShapeNodeDescriptor {\l            kind: ListKind,\l        },\l    },\l)\l" ]
    4 [ label = "ShapeParameter(\l    ShapeParameterNode {\l        parameter_id: \"$listItem\",\l        descriptor: ShapeParameterNodeDescriptor,\l    },\l)\l" ]
    5 [ label = "CoreShape(\l    CoreShapeNode {\l        shape_id: \"$object\",\l        descriptor: CoreShapeNodeDescriptor {\l            kind: ObjectKind,\l        },\l    },\l)\l" ]
    6 [ label = "CoreShape(\l    CoreShapeNode {\l        shape_id: \"$nullable\",\l        descriptor: CoreShapeNodeDescriptor {\l            kind: NullableKind,\l        },\l    },\l)\l" ]
    7 [ label = "ShapeParameter(\l    ShapeParameterNode {\l        parameter_id: \"$nullableInner\",\l        descriptor: ShapeParameterNodeDescriptor,\l    },\l)\l" ]
    8 [ label = "CoreShape(\l    CoreShapeNode {\l        shape_id: \"$unknown\",\l        descriptor: CoreShapeNodeDescriptor {\l            kind: UnknownKind,\l        },\l    },\l)\l" ]
    9 [ label = "CoreShape(\l    CoreShapeNode {\l        shape_id: \"$optional\",\l        descriptor: CoreShapeNodeDescriptor {\l            kind: OptionalKind,\l        },\l    },\l)\l" ]
    10 [ label = "ShapeParameter(\l    ShapeParameterNode {\l        parameter_id: \"$optionalInner\",\l        descriptor: ShapeParameterNodeDescriptor,\l    },\l)\l" ]
    11 [ label = "CoreShape(\l    CoreShapeNode {\l        shape_id: \"$oneOf\",\l        descriptor: CoreShapeNodeDescriptor {\l            kind: OneOfKind,\l        },\l    },\l)\l" ]
    12 [ label = "BatchCommit(\l    BatchCommitNode {\l        batch_id: \"b6cc38d6-f82f-445a-85b2-6acf2adafe27\",\l        created_at: \"2020-10-20T20:51:53.435Z\",\l    },\l)\l" ]
    13 [ label = "BatchCommit(\l    BatchCommitNode {\l        batch_id: \"6bab5462-1a6d-4d3a-a4e5-2a724d9db114\",\l        created_at: \"2021-07-08T12:38:34.706+02:00\",\l    },\l)\l" ]
    14 [ label = "Shape(\l    ShapeNode {\l        shape_id: \"shape_s59DPL1y4C\",\l    },\l)\l" ]
    15 [ label = "Shape(\l    ShapeNode {\l        shape_id: \"shape_qvKmGxh-nZ\",\l    },\l)\l" ]
    16 [ label = "Shape(\l    ShapeNode {\l        shape_id: \"shape_xXBDmbay66\",\l    },\l)\l" ]
    17 [ label = "Shape(\l    ShapeNode {\l        shape_id: \"shape_fjzsDTs0rs\",\l    },\l)\l" ]
    18 [ label = "Shape(\l    ShapeNode {\l        shape_id: \"shape_q6OD6W1YAb\",\l    },\l)\l" ]
    19 [ label = "Shape(\l    ShapeNode {\l        shape_id: \"shape_9CwetZOv0K\",\l    },\l)\l" ]
    20 [ label = "Field(\l    FieldNode {\l        field_id: \"field_uOKkB-HlmR\",\l        descriptor: FieldNodeDescriptor {\l            name: \"dueDate\",\l        },\l        is_removed: false,\l    },\l)\l" ]
    21 [ label = "Field(\l    FieldNode {\l        field_id: \"field_Cu-cFjI4FI\",\l        descriptor: FieldNodeDescriptor {\l            name: \"id\",\l        },\l        is_removed: false,\l    },\l)\l" ]
    22 [ label = "Field(\l    FieldNode {\l        field_id: \"field_ce28JLQRAU\",\l        descriptor: FieldNodeDescriptor {\l            name: \"isDone\",\l        },\l        is_removed: false,\l    },\l)\l" ]
    23 [ label = "Field(\l    FieldNode {\l        field_id: \"field_tToOrayR7C\",\l        descriptor: FieldNodeDescriptor {\l            name: \"task\",\l        },\l        is_removed: false,\l    },\l)\l" ]
    24 [ label = "Shape(\l    ShapeNode {\l        shape_id: \"shape_9pOqYqjpGb\",\l    },\l)\l" ]
    4 -> 3 [ label = "IsParameterOf\l" ]
    7 -> 6 [ label = "IsParameterOf\l" ]
    10 -> 9 [ label = "IsParameterOf\l" ]
    14 -> 0 [ label = "IsDescendantOf\l" ]
    14 -> 13 [ label = "CreatedIn\l" ]
    15 -> 2 [ label = "IsDescendantOf\l" ]
    15 -> 13 [ label = "CreatedIn\l" ]
    16 -> 0 [ label = "IsDescendantOf\l" ]
    16 -> 13 [ label = "CreatedIn\l" ]
    17 -> 0 [ label = "IsDescendantOf\l" ]
    17 -> 13 [ label = "CreatedIn\l" ]
    18 -> 5 [ label = "IsDescendantOf\l" ]
    18 -> 13 [ label = "CreatedIn\l" ]
    19 -> 9 [ label = "IsDescendantOf\l" ]
    19 -> 13 [ label = "CreatedIn\l" ]
    19 -> 10 [ label = "HasBinding(\l    ShapeParameterBinding {\l        shape_id: \"shape_fjzsDTs0rs\",\l    },\l)\l" ]
    19 -> 13 [ label = "UpdatedIn\l" ]
    19 -> 20 [ label = "BelongsTo\l" ]
    20 -> 18 [ label = "IsFieldOf\l" ]
    20 -> 13 [ label = "CreatedIn\l" ]
    16 -> 21 [ label = "BelongsTo\l" ]
    21 -> 18 [ label = "IsFieldOf\l" ]
    21 -> 13 [ label = "CreatedIn\l" ]
    15 -> 22 [ label = "BelongsTo\l" ]
    22 -> 18 [ label = "IsFieldOf\l" ]
    22 -> 13 [ label = "CreatedIn\l" ]
    14 -> 23 [ label = "BelongsTo\l" ]
    23 -> 18 [ label = "IsFieldOf\l" ]
    23 -> 13 [ label = "CreatedIn\l" ]
    24 -> 3 [ label = "IsDescendantOf\l" ]
    24 -> 13 [ label = "CreatedIn\l" ]
    24 -> 4 [ label = "HasBinding(\l    ShapeParameterBinding {\l        shape_id: \"shape_q6OD6W1YAb\",\l    },\l)\l" ]
    24 -> 13 [ label = "UpdatedIn\l" ]
}

