---
source: workspaces/optic-engine/tests/interaction-diff-use-cases.rs
expression: "&spec_projection.shape().to_choice_mapping()"
---
{
  "baseline-shape_10": [
    {
      "type": "Object",
      "shapeId": "baseline-shape_10",
      "jsonType": "Object",
      "fields": []
    }
  ],
  "baseline-shape_5": [
    {
      "type": "Primitive",
      "shapeId": "baseline-shape_5",
      "jsonType": "String"
    }
  ],
  "baseline-shape_6": [],
  "baseline-shape_7": [
    {
      "type": "Primitive",
      "shapeId": "baseline-shape_7",
      "jsonType": "Null"
    }
  ],
  "baseline-shape_8": [
    {
      "type": "Object",
      "shapeId": "baseline-shape_8",
      "jsonType": "Object",
      "fields": [
        {
          "name": "price",
          "fieldId": "baseline-field_4",
          "shapeId": "baseline-shape_7",
          "isRemoved": false
        },
        {
          "name": "address",
          "fieldId": "baseline-field_3",
          "shapeId": "baseline-shape_5",
          "isRemoved": false
        }
      ]
    }
  ],
  "baseline-shape_9": [
    {
      "type": "Array",
      "jsonType": "Array",
      "shapeId": "baseline-shape_9",
      "itemShapeId": "baseline-shape_8"
    }
  ]
}
