---
source: workspaces/optic-engine/tests/interaction-diff-use-cases.rs
expression: "&spec_projection.shape().to_choice_mapping()"
---
{
    "shape_10": [
        Object(
            ObjectChoice {
                shape_id: "shape_10",
                json_type: Object,
                fields: [
                    ObjectFieldChoice {
                        name: "stats",
                        field_id: "field_6",
                        shape_id: "shape_9",
                        is_removed: false,
                    },
                    ObjectFieldChoice {
                        name: "rivals",
                        field_id: "field_4",
                        shape_id: "shape_7",
                        is_removed: false,
                    },
                    ObjectFieldChoice {
                        name: "name",
                        field_id: "field_3",
                        shape_id: "shape_4",
                        is_removed: false,
                    },
                ],
            },
        ),
    ],
    "shape_11": [
        Primitive(
            PrimitiveChoice {
                shape_id: "shape_11",
                json_type: String,
            },
        ),
    ],
    "shape_12": [
        Object(
            ObjectChoice {
                shape_id: "shape_12",
                json_type: Object,
                fields: [],
            },
        ),
    ],
    "shape_2": [
        Primitive(
            PrimitiveChoice {
                shape_id: "shape_2",
                json_type: String,
            },
        ),
    ],
    "shape_3": [
        Primitive(
            PrimitiveChoice {
                shape_id: "shape_3",
                json_type: String,
            },
        ),
    ],
    "shape_4": [
        Object(
            ObjectChoice {
                shape_id: "shape_4",
                json_type: Object,
                fields: [
                    ObjectFieldChoice {
                        name: "last",
                        field_id: "field_2",
                        shape_id: "shape_3",
                        is_removed: false,
                    },
                    ObjectFieldChoice {
                        name: "first",
                        field_id: "field_1",
                        shape_id: "shape_2",
                        is_removed: false,
                    },
                ],
            },
        ),
    ],
    "shape_6": [
        Primitive(
            PrimitiveChoice {
                shape_id: "shape_6",
                json_type: String,
            },
        ),
    ],
    "shape_7": [
        Array(
            ArrayChoice {
                json_type: Array,
                shape_id: "shape_7",
                item_shape_id: "shape_6",
            },
        ),
    ],
    "shape_8": [
        Primitive(
            PrimitiveChoice {
                shape_id: "shape_8",
                json_type: Number,
            },
        ),
    ],
    "shape_9": [
        Object(
            ObjectChoice {
                shape_id: "shape_9",
                json_type: Object,
                fields: [
                    ObjectFieldChoice {
                        name: "rank",
                        field_id: "field_5",
                        shape_id: "shape_8",
                        is_removed: false,
                    },
                ],
            },
        ),
    ],
}
