---
source: workspaces/optic-engine/tests/shape-diff-use-cases.rs
expression: "&spec.shape().to_choice_mapping()"
---
{
    "shape_IG--VqkrXJ": [
        Primitive(
            PrimitiveChoice {
                shape_id: "shape_IG--VqkrXJ",
                json_type: String,
            },
        ),
    ],
    "shape_UBgQQWw_sp": [
        Primitive(
            PrimitiveChoice {
                shape_id: "shape_UBgQQWw_sp",
                json_type: Undefined,
            },
        ),
        Array(
            ArrayChoice {
                json_type: Array,
                shape_id: "shape_tV7F9sLXIi",
                item_shape_id: "shape_IG--VqkrXJ",
            },
        ),
    ],
    "shape_UFGsR-O9bt": [
        Object(
            ObjectChoice {
                shape_id: "shape_UFGsR-O9bt",
                json_type: Object,
                fields: [
                    ObjectFieldChoice {
                        name: "id",
                        field_id: "field_wDHyYzkU0V",
                        shape_id: "shape_UBgQQWw_sp",
                        is_removed: false,
                    },
                ],
            },
        ),
    ],
    "shape_tV7F9sLXIi": [
        Array(
            ArrayChoice {
                json_type: Array,
                shape_id: "shape_tV7F9sLXIi",
                item_shape_id: "shape_IG--VqkrXJ",
            },
        ),
    ],
}
