---
source: workspaces/optic-engine/tests/shape-diff-use-cases.rs
expression: "Dot::with_config(&spec.shape().graph, &[])"
---
digraph {
    0 [ label = "CoreShape(\l    CoreShapeNode {\l        shape_id: \"$string\",\l        descriptor: CoreShapeNodeDescriptor {\l            kind: StringKind,\l        },\l    },\l)\l" ]
    1 [ label = "CoreShape(\l    CoreShapeNode {\l        shape_id: \"$number\",\l        descriptor: CoreShapeNodeDescriptor {\l            kind: NumberKind,\l        },\l    },\l)\l" ]
    2 [ label = "CoreShape(\l    CoreShapeNode {\l        shape_id: \"$boolean\",\l        descriptor: CoreShapeNodeDescriptor {\l            kind: BooleanKind,\l        },\l    },\l)\l" ]
    3 [ label = "CoreShape(\l    CoreShapeNode {\l        shape_id: \"$list\",\l        descriptor: CoreShapeNodeDescriptor {\l            kind: ListKind,\l        },\l    },\l)\l" ]
    4 [ label = "ShapeParameter(\l    ShapeParameterNode {\l        parameter_id: \"$listItem\",\l        descriptor: ShapeParameterNodeDescriptor,\l    },\l)\l" ]
    5 [ label = "CoreShape(\l    CoreShapeNode {\l        shape_id: \"$object\",\l        descriptor: CoreShapeNodeDescriptor {\l            kind: ObjectKind,\l        },\l    },\l)\l" ]
    6 [ label = "CoreShape(\l    CoreShapeNode {\l        shape_id: \"$nullable\",\l        descriptor: CoreShapeNodeDescriptor {\l            kind: NullableKind,\l        },\l    },\l)\l" ]
    7 [ label = "ShapeParameter(\l    ShapeParameterNode {\l        parameter_id: \"$nullableInner\",\l        descriptor: ShapeParameterNodeDescriptor,\l    },\l)\l" ]
    8 [ label = "CoreShape(\l    CoreShapeNode {\l        shape_id: \"$unknown\",\l        descriptor: CoreShapeNodeDescriptor {\l            kind: UnknownKind,\l        },\l    },\l)\l" ]
    9 [ label = "CoreShape(\l    CoreShapeNode {\l        shape_id: \"$optional\",\l        descriptor: CoreShapeNodeDescriptor {\l            kind: OptionalKind,\l        },\l    },\l)\l" ]
    10 [ label = "ShapeParameter(\l    ShapeParameterNode {\l        parameter_id: \"$optionalInner\",\l        descriptor: ShapeParameterNodeDescriptor,\l    },\l)\l" ]
    11 [ label = "CoreShape(\l    CoreShapeNode {\l        shape_id: \"$oneOf\",\l        descriptor: CoreShapeNodeDescriptor {\l            kind: OneOfKind,\l        },\l    },\l)\l" ]
    12 [ label = "BatchCommit(\l    BatchCommitNode {\l        batch_id: \"28616e96-c9e0-4d13-bff7-1627db17d144\",\l        created_at: \"2021-07-19T11:30:01.583102-04:00\",\l    },\l)\l" ]
    13 [ label = "BatchCommit(\l    BatchCommitNode {\l        batch_id: \"70a9ca7e-624b-4823-8e05-3c17442656ee\",\l        created_at: \"2021-07-20T22:40:25.716002-04:00\",\l    },\l)\l" ]
    14 [ label = "Shape(\l    ShapeNode {\l        shape_id: \"shape_IG--VqkrXJ\",\l    },\l)\l" ]
    15 [ label = "Shape(\l    ShapeNode {\l        shape_id: \"shape_tV7F9sLXIi\",\l    },\l)\l" ]
    16 [ label = "Shape(\l    ShapeNode {\l        shape_id: \"shape_UBgQQWw_sp\",\l    },\l)\l" ]
    17 [ label = "Shape(\l    ShapeNode {\l        shape_id: \"shape_UFGsR-O9bt\",\l    },\l)\l" ]
    18 [ label = "Field(\l    FieldNode {\l        field_id: \"field_wDHyYzkU0V\",\l        descriptor: FieldNodeDescriptor {\l            name: \"id\",\l        },\l        is_removed: false,\l    },\l)\l" ]
    4 -> 3 [ label = "IsParameterOf\l" ]
    7 -> 6 [ label = "IsParameterOf\l" ]
    10 -> 9 [ label = "IsParameterOf\l" ]
    14 -> 0 [ label = "IsDescendantOf\l" ]
    15 -> 3 [ label = "IsDescendantOf\l" ]
    15 -> 4 [ label = "HasBinding(\l    ShapeParameterBinding {\l        shape_id: \"shape_IG--VqkrXJ\",\l    },\l)\l" ]
    16 -> 9 [ label = "IsDescendantOf\l" ]
    16 -> 10 [ label = "HasBinding(\l    ShapeParameterBinding {\l        shape_id: \"shape_tV7F9sLXIi\",\l    },\l)\l" ]
    17 -> 5 [ label = "IsDescendantOf\l" ]
    17 -> 13 [ label = "CreatedIn\l" ]
    16 -> 18 [ label = "BelongsTo\l" ]
    18 -> 17 [ label = "IsFieldOf\l" ]
}

