---
source: workspaces/optic-engine/src/commands/endpoint.rs
expression: path_with_children_result.unwrap_err()
---
Validation(
    "Command failed validation: path parameter must be unused to be removed, \"RemovePathParameter(RemovePathParameter { path_id: \\\"path_1\\\" })\"",
)
