---
source: workspaces/optic-engine/src/commands/endpoint.rs
expression: new_events
---
[
    RequestRemoved(
        RequestRemoved {
            request_id: "request_1",
            event_context: None,
        },
    ),
]
