---
source: workspaces/optic-engine/src/commands/endpoint.rs
expression: conflicting_path_result.unwrap_err()
---
Validation(
    "Command failed validation: path component must not already exist, \"AddPathComponent(AddPathComponent { path_id: \\\"path_2\\\", parent_path_id: \\\"root\\\", name: \\\"todos\\\" })\"",
)
