---
source: workspaces/diff-engine/tests/shape_diff.rs
expression: fingerprints
---
[
    "344ede2b2dae374a",
]
