// Jest Snapshot v1, https://goo.gl/fbAQLP

exports[`can run dsl rules through check service 1`] = `
Array [
  Object {
    "change": Object {
      "changeType": "changed",
      "changed": Object {
        "after": Object {
          "method": "get",
          "operationId": "get_example",
          "pathPattern": "/example",
        },
        "before": Object {
          "method": "get",
          "operationId": "getExample",
          "pathPattern": "/example",
        },
      },
      "location": Object {
        "conceptualLocation": Object {
          "method": "get",
          "path": "/example",
        },
        "conceptualPath": Array [
          "operations",
          "/example",
          "get",
        ],
        "jsonPath": "/paths/~1example/get",
        "kind": "operation",
      },
    },
    "condition": "have consistent operationIds",
    "docsLink": "https://github.com/docs",
    "effectiveOnDate": undefined,
    "error": "operation ids must be consistent: expected 'getExample' to equal 'get_example'",
    "isMust": true,
    "isShould": false,
    "passed": false,
    "where": "updated operation: GET /example",
  },
  Object {
    "change": Object {
      "location": Object {
        "conceptualLocation": Object {
          "method": "get",
          "path": "/example",
        },
        "conceptualPath": Array [
          "operations",
          "/example",
          "get",
        ],
        "jsonPath": "/paths/~1example/get",
        "kind": "operation",
      },
      "value": Object {
        "method": "get",
        "operationId": "get_example",
        "pathPattern": "/example",
      },
    },
    "condition": "be able to see spec",
    "docsLink": undefined,
    "effectiveOnDate": undefined,
    "isMust": true,
    "isShould": false,
    "passed": true,
    "where": "requirement for operation: GET /example",
  },
]
`;
