// Jest Snapshot v1, https://goo.gl/fbAQLP

exports[`checks can run / fail using off-the-shelf test helpers 1`] = `
Array [
  Object {
    "change": Object {
      "location": Object {
        "conceptualLocation": Object {
          "method": "get",
          "path": "/simulated",
        },
        "conceptualPath": Array [],
        "jsonPath": "/",
        "kind": "simulated",
      },
    },
    "condition": "is a thing",
    "docsLink": "https://gitlab.com",
    "effectiveOnDate": undefined,
    "error": "it's broken!!!",
    "isMust": true,
    "isShould": false,
    "passed": false,
    "where": "location",
  },
  Object {
    "change": Object {
      "location": Object {
        "conceptualLocation": Object {
          "method": "get",
          "path": "/simulated",
        },
        "conceptualPath": Array [],
        "jsonPath": "/",
        "kind": "simulated",
      },
    },
    "condition": "is a an ok thing",
    "docsLink": "https://github.com",
    "effectiveOnDate": undefined,
    "isMust": true,
    "isShould": false,
    "passed": true,
    "where": "location",
  },
]
`;
